// Vitest Snapshot v1, https://vitest.dev/guide/snapshot.html

exports[`props > should render an empty footer 1`] = `<footer />`;
