// Vitest Snapshot v1, https://vitest.dev/guide/snapshot.html

exports[`props > should render an empty header 1`] = `<header />`;
